
=== Experiment 1: Step 2 optimality & time ===
[charset = binary]
+----+-------------+---------+-----+-------+---------+--------+-------+---------+--------+-------+---------+--------+
|  n | cycle_cover | overlap | OPT | g_len | g_ratio | g_t(s) | m_len | m_ratio | m_t(s) | t_len | t_ratio | t_t(s) |
+----+-------------+---------+-----+-------+---------+--------+-------+---------+--------+-------+---------+--------+
|  5 |           2 |      19 |  23 |    24 |   1.043 |  0.000 |    27 |   1.174 |  0.000 |    26 |   1.130 |  0.000 |
| 10 |           1 |      68 |  43 |    43 |   1.000 |  0.000 |    43 |   1.000 |  0.000 |    43 |   1.000 |  0.000 |
| 15 |           2 |     150 |  48 |    49 |   1.021 |  0.000 |    54 |   1.125 |  0.000 |    48 |   1.000 |  0.000 |
| 20 |           1 |     281 |  68 |    68 |   1.000 |  0.000 |    73 |   1.074 |  0.000 |    68 |   1.000 |  0.000 |
| 25 |           1 |     464 |  85 |    85 |   1.000 |  0.000 |    85 |   1.000 |  0.000 |    85 |   1.000 |  0.000 |
| 30 |           0 |     687 | --- |   108 |   1.000 |  0.000 |   109 |   1.009 |  0.000 |   108 |   1.000 |  0.000 |
| 35 |           0 |     895 | --- |   126 |   1.008 |  0.001 |   125 |   1.000 |  0.000 |   125 |   1.000 |  0.000 |
| 40 |           1 |    1149 | --- |   128 |   1.000 |  0.001 |   138 |   1.078 |  0.000 |   132 |   1.031 |  0.000 |
| 45 |           2 |    1494 | --- |   152 |   1.000 |  0.001 |   156 |   1.026 |  0.000 |   152 |   1.000 |  0.000 |
| 50 |           2 |    1819 | --- |   131 |   1.000 |  0.001 |   131 |   1.000 |  0.000 |   131 |   1.000 |  0.000 |
| 55 |           2 |    2277 | --- |   169 |   1.006 |  0.002 |   169 |   1.006 |  0.000 |   168 |   1.000 |  0.000 |
| 60 |           3 |    2469 | --- |   172 |   1.000 |  0.002 |   175 |   1.017 |  0.000 |   172 |   1.000 |  0.000 |
+----+-------------+---------+-----+-------+---------+--------+-------+---------+--------+-------+---------+--------+

=== Experiment 1: Step 2 optimality & time ===
[charset = dna]
+----+-------------+---------+-----+-------+---------+--------+-------+---------+--------+-------+---------+--------+
|  n | cycle_cover | overlap | OPT | g_len | g_ratio | g_t(s) | m_len | m_ratio | m_t(s) | t_len | t_ratio | t_t(s) |
+----+-------------+---------+-----+-------+---------+--------+-------+---------+--------+-------+---------+--------+
|  5 |           0 |      13 |  20 |    20 |   1.000 |  0.000 |    20 |   1.000 |  0.000 |    20 |   1.000 |  0.000 |
| 10 |           0 |      35 |  46 |    46 |   1.000 |  0.000 |    46 |   1.000 |  0.000 |    46 |   1.000 |  0.000 |
| 15 |           0 |      91 |  56 |    56 |   1.000 |  0.000 |    56 |   1.000 |  0.000 |    56 |   1.000 |  0.000 |
| 20 |           1 |     143 |  96 |    96 |   1.000 |  0.000 |    97 |   1.010 |  0.000 |    96 |   1.000 |  0.000 |
| 25 |           1 |     207 | 103 |   103 |   1.000 |  0.000 |   103 |   1.000 |  0.000 |   103 |   1.000 |  0.000 |
| 30 |           0 |     310 | 127 |   127 |   1.000 |  0.000 |   128 |   1.008 |  0.000 |   128 |   1.008 |  0.000 |
| 35 |           1 |     421 | 143 |   143 |   1.000 |  0.000 |   144 |   1.007 |  0.000 |   143 |   1.000 |  0.000 |
| 40 |           2 |     561 | --- |   155 |   1.000 |  0.001 |   159 |   1.026 |  0.000 |   155 |   1.000 |  0.000 |
| 45 |           1 |     665 | --- |   196 |   1.010 |  0.001 |   197 |   1.015 |  0.000 |   194 |   1.000 |  0.000 |
| 50 |           0 |     838 | --- |   193 |   1.000 |  0.001 |   195 |   1.010 |  0.000 |   194 |   1.005 |  0.000 |
| 55 |           2 |     990 | --- |   215 |   1.000 |  0.001 |   215 |   1.000 |  0.000 |   215 |   1.000 |  0.000 |
| 60 |           4 |    1226 | --- |   244 |   1.000 |  0.002 |   250 |   1.025 |  0.000 |   247 |   1.012 |  0.000 |
+----+-------------+---------+-----+-------+---------+--------+-------+---------+--------+-------+---------+--------+

=== Experiment 1: Step 2 optimality & time ===
[charset = alphabet]
+----+-------------+---------+-----+-------+---------+--------+-------+---------+--------+-------+---------+--------+
|  n | cycle_cover | overlap | OPT | g_len | g_ratio | g_t(s) | m_len | m_ratio | m_t(s) | t_len | t_ratio | t_t(s) |
+----+-------------+---------+-----+-------+---------+--------+-------+---------+--------+-------+---------+--------+
|  5 |           0 |      11 |  22 |    22 |   1.000 |  0.000 |    22 |   1.000 |  0.000 |    22 |   1.000 |  0.000 |
| 10 |           0 |      19 |  46 |    46 |   1.000 |  0.000 |    46 |   1.000 |  0.000 |    46 |   1.000 |  0.000 |
| 15 |           0 |      25 |  68 |    68 |   1.000 |  0.000 |    68 |   1.000 |  0.000 |    68 |   1.000 |  0.000 |
| 20 |           0 |      51 |  75 |    75 |   1.000 |  0.000 |    75 |   1.000 |  0.000 |    75 |   1.000 |  0.000 |
| 25 |           0 |      47 | 104 |   104 |   1.000 |  0.000 |   104 |   1.000 |  0.000 |   104 |   1.000 |  0.000 |
| 30 |           0 |      72 | 139 |   139 |   1.000 |  0.000 |   139 |   1.000 |  0.000 |   139 |   1.000 |  0.000 |
| 35 |           0 |     104 | 149 |   149 |   1.000 |  0.000 |   149 |   1.000 |  0.000 |   149 |   1.000 |  0.000 |
| 40 |           1 |     125 | 156 |   156 |   1.000 |  0.000 |   156 |   1.000 |  0.000 |   156 |   1.000 |  0.000 |
| 45 |           0 |     157 | 193 |   193 |   1.000 |  0.001 |   193 |   1.000 |  0.000 |   193 |   1.000 |  0.000 |
| 50 |           0 |     166 | 213 |   213 |   1.000 |  0.001 |   213 |   1.000 |  0.000 |   213 |   1.000 |  0.000 |
| 55 |           1 |     199 | --- |   261 |   1.000 |  0.002 |   261 |   1.000 |  0.000 |   261 |   1.000 |  0.000 |
| 60 |           0 |     207 | 258 |   258 |   1.000 |  0.002 |   258 |   1.000 |  0.000 |   258 |   1.000 |  0.000 |
+----+-------------+---------+-----+-------+---------+--------+-------+---------+--------+-------+---------+--------+

=== Experiment 1: Step 2 optimality & time ===
[charset = ascii]
+----+-------------+---------+-----+-------+---------+--------+-------+---------+--------+-------+---------+--------+
|  n | cycle_cover | overlap | OPT | g_len | g_ratio | g_t(s) | m_len | m_ratio | m_t(s) | t_len | t_ratio | t_t(s) |
+----+-------------+---------+-----+-------+---------+--------+-------+---------+--------+-------+---------+--------+
|  5 |           0 |       6 |  24 |    24 |   1.000 |  0.000 |    24 |   1.000 |  0.000 |    24 |   1.000 |  0.000 |
| 10 |           0 |      18 |  45 |    45 |   1.000 |  0.000 |    45 |   1.000 |  0.000 |    45 |   1.000 |  0.000 |
| 15 |           1 |      28 |  59 |    59 |   1.000 |  0.000 |    59 |   1.000 |  0.000 |    59 |   1.000 |  0.000 |
| 20 |           0 |      34 |  77 |    77 |   1.000 |  0.000 |    77 |   1.000 |  0.000 |    77 |   1.000 |  0.000 |
| 25 |           0 |      63 |  92 |    92 |   1.000 |  0.000 |    92 |   1.000 |  0.000 |    92 |   1.000 |  0.000 |
| 30 |           0 |      60 | 134 |   134 |   1.000 |  0.000 |   134 |   1.000 |  0.000 |   134 |   1.000 |  0.000 |
| 35 |           0 |      67 | 136 |   136 |   1.000 |  0.000 |   136 |   1.000 |  0.000 |   136 |   1.000 |  0.000 |
| 40 |           0 |     113 | 157 |   157 |   1.000 |  0.001 |   157 |   1.000 |  0.000 |   157 |   1.000 |  0.000 |
| 45 |           0 |      94 | 187 |   187 |   1.000 |  0.001 |   187 |   1.000 |  0.000 |   187 |   1.000 |  0.000 |
| 50 |           0 |     116 | --- |   222 |   1.000 |  0.001 |   222 |   1.000 |  0.000 |   222 |   1.000 |  0.000 |
| 55 |           0 |     143 | --- |   210 |   1.000 |  0.001 |   211 |   1.005 |  0.000 |   210 |   1.000 |  0.000 |
| 60 |           0 |     147 | --- |   248 |   1.000 |  0.002 |   248 |   1.000 |  0.000 |   248 |   1.000 |  0.000 |
+----+-------------+---------+-----+-------+---------+--------+-------+---------+--------+-------+---------+--------+

CSV: /Users/kaitoozawa/Documents/仕事/Study/QUT/IFN664 Advanced Algorithms and Computational Complexity/Assignments/Assignment 1/scs/results/exp1.csv

=== Experiment 2: Step 3 without UB pruning ===
+---------+----+--------+---------+--------+---------+
| charset |  n | HK_len | HK_t(s) | BB_len | BB_t(s) |
+---------+----+--------+---------+--------+---------+
| binary  |  5 |     23 |   0.000 |     23 |   0.000 |
| binary  | 10 |     43 |   0.000 |     43 |   0.000 |
| binary  | 15 |     48 |   0.003 |     48 |   0.000 |
| binary  | 20 |     68 |   0.177 |     68 |   0.581 |
| binary  | 25 |      - |       - |     85 |   1.069 |
| binary  | 30 |      - |       - |    --- |     DNF |
| ascii   |  5 |     24 |   0.000 |     24 |   0.000 |
| ascii   | 10 |     45 |   0.000 |     45 |   0.000 |
| ascii   | 15 |     59 |   0.008 |     59 |   0.000 |
| ascii   | 20 |     77 |   0.388 |     77 |   0.002 |
| ascii   | 25 |      - |       - |     92 |   0.022 |
| ascii   | 30 |      - |       - |    134 |   0.003 |
| ascii   | 35 |      - |       - |    136 |   0.594 |
| ascii   | 40 |      - |       - |    157 |  47.650 |
| ascii   | 45 |      - |       - |    187 |   4.789 |
| ascii   | 50 |      - |       - |    --- |     DNF |
+---------+----+--------+---------+--------+---------+

CSV: /Users/kaitoozawa/Documents/仕事/Study/QUT/IFN664 Advanced Algorithms and Computational Complexity/Assignments/Assignment 1/scs/results/exp2.csv

=== Experiment 3: Step 3 with UB pruning ===
+---------+----+--------+---------+--------+---------+
| charset |  n | HK_len | HK_t(s) | BB_len | BB_t(s) |
+---------+----+--------+---------+--------+---------+
| binary  |  5 |     23 |   0.000 |     23 |   0.000 |
| binary  | 10 |     43 |   0.000 |     43 |   0.000 |
| binary  | 15 |     48 |   0.003 |     48 |   0.000 |
| binary  | 20 |     68 |   0.183 |     68 |   0.448 |
| binary  | 25 |      - |       - |     85 |   0.405 |
| binary  | 30 |      - |       - |    --- |     DNF |
| ascii   |  5 |     24 |   0.000 |     24 |   0.000 |
| ascii   | 10 |     45 |   0.000 |     45 |   0.000 |
| ascii   | 15 |     59 |   0.007 |     59 |   0.000 |
| ascii   | 20 |     77 |   0.340 |     77 |   0.000 |
| ascii   | 25 |      - |       - |     92 |   0.011 |
| ascii   | 30 |      - |       - |    134 |   0.000 |
| ascii   | 35 |      - |       - |    136 |   0.000 |
| ascii   | 40 |      - |       - |    157 |  22.938 |
| ascii   | 45 |      - |       - |    187 |   1.205 |
| ascii   | 50 |      - |       - |    --- |     DNF |
+---------+----+--------+---------+--------+---------+

CSV: /Users/kaitoozawa/Documents/仕事/Study/QUT/IFN664 Advanced Algorithms and Computational Complexity/Assignments/Assignment 1/scs/results/exp3.csv
